// Jest Snapshot v1, https://goo.gl/fbAQLP

exports[`renders header correctly 1`] = `
<div
  className="App-header"
>
  Github/GitLab Users
</div>
`;
